#
# There is insufficient memory for the Java Runtime Environment to continue.
# Native memory allocation (malloc) failed to allocate 1902256 bytes. Error detail: Chunk::new
# Possible reasons:
#   The system is out of physical RAM or swap space
#   This process is running with CompressedOops enabled, and the Java Heap may be blocking the growth of the native heap
# Possible solutions:
#   Reduce memory load on the system
#   Increase physical memory or swap space
#   Check if swap backing store is full
#   Decrease Java heap size (-Xmx/-Xms)
#   Decrease number of Java threads
#   Decrease Java thread stack sizes (-Xss)
#   Set larger code cache with -XX:ReservedCodeCacheSize=
#   JVM is running with Unscaled Compressed Oops mode in which the Java heap is
#     placed in the first 4GB address space. The Java Heap base address is the
#     maximum limit for the native heap growth. Please use -XX:HeapBaseMinAddress
#     to set the Java Heap base and to place the Java Heap above 4GB virtual address.
# This output file may be truncated or incomplete.
#
#  Out of Memory Error (arena.cpp:168), pid=14236, tid=11648
#
# JRE version: OpenJDK Runtime Environment Temurin-21.0.10+7 (21.0.10+7) (build 21.0.10+7-LTS)
# Java VM: OpenJDK 64-Bit Server VM Temurin-21.0.10+7 (21.0.10+7-LTS, mixed mode, sharing, tiered, compressed oops, compressed class ptrs, parallel gc, windows-amd64)
# No core dump will be written. Minidumps are not enabled by default on client versions of Windows
#

---------------  S U M M A R Y ------------

Command Line: --add-modules=ALL-SYSTEM --add-opens=java.base/java.util=ALL-UNNAMED --add-opens=java.base/java.lang=ALL-UNNAMED --add-opens=java.base/sun.nio.fs=ALL-UNNAMED -Declipse.application=org.eclipse.jdt.ls.core.id1 -Dosgi.bundles.defaultStartLevel=4 -Declipse.product=org.eclipse.jdt.ls.core.product -Djava.import.generatesMetadataFilesAtProjectRoot=false -DDetectVMInstallationsJob.disabled=true -Dfile.encoding=utf8 -XX:+UseParallelGC -XX:GCTimeRatio=4 -XX:AdaptiveSizePolicyWeight=90 -Dsun.zip.disableMemoryMapping=true -Xmx2G -Xms100m -Xlog:disable -javaagent:c:\Users\mayec\.vscode\extensions\redhat.java-1.54.0-win32-x64\lombok\lombok-1.18.39-4050.jar -XX:+HeapDumpOnOutOfMemoryError -XX:HeapDumpPath=c:\Users\mayec\AppData\Roaming\Code\User\workspaceStorage\a7bb5e1cd696e2a30a3e2c3864c63a08\redhat.java -Daether.dependencyCollector.impl=bf c:\Users\mayec\.vscode\extensions\redhat.java-1.54.0-win32-x64\server\plugins\org.eclipse.equinox.launcher_1.7.100.v20251111-0406.jar -configuration c:\Users\mayec\AppData\Roaming\Code\User\globalStorage\redhat.java\1.54.0\config_win -data c:\Users\mayec\AppData\Roaming\Code\User\workspaceStorage\a7bb5e1cd696e2a30a3e2c3864c63a08\redhat.java\jdt_ws --pipe=\\.\pipe\lsp-92663bfcc774eb3a61bf9635d8541b95-sock

Host: Intel(R) Core(TM) i5-1035G1 CPU @ 1.00GHz, 8 cores, 3G,  Windows 11 , 64 bit Build 26100 (10.0.26100.8328)
Time: Sat May 16 12:59:24 2026 Hora est. Pacífico, Sudamérica elapsed time: 3692.864083 seconds (0d 1h 1m 32s)

---------------  T H R E A D  ---------------

Current thread (0x0000014ca5aa1e70):  JavaThread "C2 CompilerThread0" daemon [_thread_in_native, id=11648, stack(0x0000003ae1100000,0x0000003ae1200000) (1024K)]


Current CompileTask:
C2:3692864 12106       4       org.eclipse.jdt.internal.core.JavaProject$ModuleLookup::addTransitive (71 bytes)

Stack: [0x0000003ae1100000,0x0000003ae1200000]
Native frames: (J=compiled Java code, j=interpreted, Vv=VM code, C=native code)
V  [jvm.dll+0x6d7a39]
V  [jvm.dll+0x8b4b26]
V  [jvm.dll+0x8b70de]
V  [jvm.dll+0x8b77c3]
V  [jvm.dll+0x284346]
V  [jvm.dll+0xc66ed]
V  [jvm.dll+0xc6c31]
V  [jvm.dll+0x3bec01]
V  [jvm.dll+0x38b162]
V  [jvm.dll+0x38a5aa]
V  [jvm.dll+0x24c560]
V  [jvm.dll+0x24bb40]
V  [jvm.dll+0x1cb34e]
V  [jvm.dll+0x25b85d]
V  [jvm.dll+0x259dea]
V  [jvm.dll+0x3f857e]
V  [jvm.dll+0x85f59d]
V  [jvm.dll+0x6d626d]
C  [ucrtbase.dll+0x37b0]
C  [KERNEL32.DLL+0x2e957]
C  [ntdll.dll+0x427c]


---------------  P R O C E S S  ---------------

Threads class SMR info:
_java_thread_list=0x0000014c876402a0, length=36, elements={
0x0000014ca36bb6f0, 0x0000014ca5bd8b50, 0x0000014ca5bd97b0, 0x0000014ca5bdced0,
0x0000014ca5a96110, 0x0000014ca5a98bd0, 0x0000014ca5a99260, 0x0000014ca5aa1e70,
0x0000014ca5acdd70, 0x0000014ca5a998f0, 0x0000014ca5a99f80, 0x0000014ca5a9a610,
0x0000014ca5a9aca0, 0x0000014ca5a9b330, 0x0000014ca5a9c050, 0x0000014ca5a9b9c0,
0x0000014c8438f910, 0x0000014c84391350, 0x0000014c843919e0, 0x0000014c84392700,
0x0000014c84392d90, 0x0000014c8438ffa0, 0x0000014c84393ab0, 0x0000014c84395b80,
0x0000014c843947d0, 0x0000014c843968a0, 0x0000014c84394e60, 0x0000014c843954f0,
0x0000014c84393420, 0x0000014c84396f30, 0x0000014c84396210, 0x0000014c84394140,
0x0000014c861a63b0, 0x0000014c861a6a40, 0x0000014c861a5d20, 0x0000014c861a5690
}

Java Threads: ( => current thread )
  0x0000014ca36bb6f0 JavaThread "main"                              [_thread_blocked, id=10792, stack(0x0000003ae0700000,0x0000003ae0800000) (1024K)]
  0x0000014ca5bd8b50 JavaThread "Reference Handler"          daemon [_thread_blocked, id=14124, stack(0x0000003ae0b00000,0x0000003ae0c00000) (1024K)]
  0x0000014ca5bd97b0 JavaThread "Finalizer"                  daemon [_thread_blocked, id=6252, stack(0x0000003ae0c00000,0x0000003ae0d00000) (1024K)]
  0x0000014ca5bdced0 JavaThread "Signal Dispatcher"          daemon [_thread_blocked, id=23652, stack(0x0000003ae0d00000,0x0000003ae0e00000) (1024K)]
  0x0000014ca5a96110 JavaThread "Attach Listener"            daemon [_thread_blocked, id=18980, stack(0x0000003ae0e00000,0x0000003ae0f00000) (1024K)]
  0x0000014ca5a98bd0 JavaThread "Service Thread"             daemon [_thread_blocked, id=24484, stack(0x0000003ae0f00000,0x0000003ae1000000) (1024K)]
  0x0000014ca5a99260 JavaThread "Monitor Deflation Thread"   daemon [_thread_blocked, id=16708, stack(0x0000003ae1000000,0x0000003ae1100000) (1024K)]
=>0x0000014ca5aa1e70 JavaThread "C2 CompilerThread0"         daemon [_thread_in_native, id=11648, stack(0x0000003ae1100000,0x0000003ae1200000) (1024K)]
  0x0000014ca5acdd70 JavaThread "C1 CompilerThread0"         daemon [_thread_blocked, id=20792, stack(0x0000003ae1200000,0x0000003ae1300000) (1024K)]
  0x0000014ca5a998f0 JavaThread "Common-Cleaner"             daemon [_thread_blocked, id=23688, stack(0x0000003ae1300000,0x0000003ae1400000) (1024K)]
  0x0000014ca5a99f80 JavaThread "Notification Thread"        daemon [_thread_blocked, id=7112, stack(0x0000003ae1400000,0x0000003ae1500000) (1024K)]
  0x0000014ca5a9a610 JavaThread "Active Thread: Equinox Container: 899acabb-33a1-4e29-8eea-ea58840f407c"        [_thread_blocked, id=9456, stack(0x0000003ae1b00000,0x0000003ae1c00000) (1024K)]
  0x0000014ca5a9aca0 JavaThread "Refresh Thread: Equinox Container: 899acabb-33a1-4e29-8eea-ea58840f407c" daemon [_thread_blocked, id=16000, stack(0x0000003ae1d00000,0x0000003ae1e00000) (1024K)]
  0x0000014ca5a9b330 JavaThread "Framework Event Dispatcher: Equinox Container: 899acabb-33a1-4e29-8eea-ea58840f407c" daemon [_thread_blocked, id=2116, stack(0x0000003ae1e00000,0x0000003ae1f00000) (1024K)]
  0x0000014ca5a9c050 JavaThread "Start Level: Equinox Container: 899acabb-33a1-4e29-8eea-ea58840f407c" daemon [_thread_blocked, id=8028, stack(0x0000003ae1f00000,0x0000003ae2000000) (1024K)]
  0x0000014ca5a9b9c0 JavaThread "Bundle File Closer"         daemon [_thread_blocked, id=18228, stack(0x0000003ae2000000,0x0000003ae2100000) (1024K)]
  0x0000014c8438f910 JavaThread "SCR Component Actor"        daemon [_thread_blocked, id=3736, stack(0x0000003ae2100000,0x0000003ae2200000) (1024K)]
  0x0000014c84391350 JavaThread "Worker-JM"                         [_thread_blocked, id=20360, stack(0x0000003ae2200000,0x0000003ae2300000) (1024K)]
  0x0000014c843919e0 JavaThread "JNA Cleaner"                daemon [_thread_blocked, id=15572, stack(0x0000003ae2300000,0x0000003ae2400000) (1024K)]
  0x0000014c84392700 JavaThread "Java indexing"              daemon [_thread_blocked, id=6692, stack(0x0000003ae2600000,0x0000003ae2700000) (1024K)]
  0x0000014c84392d90 JavaThread "Worker-3: Publish Diagnostics"        [_thread_in_Java, id=1524, stack(0x0000003ae2b00000,0x0000003ae2c00000) (1024K)]
  0x0000014c8438ffa0 JavaThread "Worker-4"                          [_thread_blocked, id=14700, stack(0x0000003ae2c00000,0x0000003ae2d00000) (1024K)]
  0x0000014c84393ab0 JavaThread "Thread-1"                   daemon [_thread_in_native, id=16864, stack(0x0000003ae2d00000,0x0000003ae2e00000) (1024K)]
  0x0000014c84395b80 JavaThread "Thread-2"                   daemon [_thread_in_native, id=6172, stack(0x0000003ae2e00000,0x0000003ae2f00000) (1024K)]
  0x0000014c843947d0 JavaThread "Thread-3"                   daemon [_thread_in_native, id=13792, stack(0x0000003ae2f00000,0x0000003ae3000000) (1024K)]
  0x0000014c843968a0 JavaThread "Thread-4"                   daemon [_thread_in_native, id=20256, stack(0x0000003ae3000000,0x0000003ae3100000) (1024K)]
  0x0000014c84394e60 JavaThread "Thread-5"                   daemon [_thread_in_native, id=12840, stack(0x0000003ae3100000,0x0000003ae3200000) (1024K)]
  0x0000014c843954f0 JavaThread "Thread-6"                   daemon [_thread_in_native, id=9364, stack(0x0000003ae3200000,0x0000003ae3300000) (1024K)]
  0x0000014c84393420 JavaThread "Thread-7"                   daemon [_thread_in_native, id=5852, stack(0x0000003ae3300000,0x0000003ae3400000) (1024K)]
  0x0000014c84396f30 JavaThread "Thread-8"                   daemon [_thread_in_native, id=10324, stack(0x0000003ae3400000,0x0000003ae3500000) (1024K)]
  0x0000014c84396210 JavaThread "Thread-9"                   daemon [_thread_in_native, id=23672, stack(0x0000003ae3500000,0x0000003ae3600000) (1024K)]
  0x0000014c84394140 JavaThread "pool-2-thread-1"                   [_thread_blocked, id=8972, stack(0x0000003ae3600000,0x0000003ae3700000) (1024K)]
  0x0000014c861a63b0 JavaThread "WorkspaceEventsHandler"            [_thread_blocked, id=9752, stack(0x0000003ae3700000,0x0000003ae3800000) (1024K)]
  0x0000014c861a6a40 JavaThread "pool-1-thread-1"                   [_thread_blocked, id=20352, stack(0x0000003ae3800000,0x0000003ae3900000) (1024K)]
  0x0000014c861a5d20 JavaThread "ForkJoinPool.commonPool-worker-7" daemon [_thread_blocked, id=20192, stack(0x0000003ae3f00000,0x0000003ae4000000) (1024K)]
  0x0000014c861a5690 JavaThread "Worker-5"                          [_thread_blocked, id=14420, stack(0x0000003ae0400000,0x0000003ae0500000) (1024K)]
Total: 36

Other Threads:
  0x0000014ca5a939f0 VMThread "VM Thread"                           [id=18268, stack(0x0000003ae0a00000,0x0000003ae0b00000) (1024K)]
  0x0000014ca5b8d5b0 WatcherThread "VM Periodic Task Thread"        [id=14904, stack(0x0000003ae0900000,0x0000003ae0a00000) (1024K)]
  0x0000014ca5b3d650 WorkerThread "GC Thread#0"                     [id=1908, stack(0x0000003ae0800000,0x0000003ae0900000) (1024K)]
  0x0000014cff76cd50 WorkerThread "GC Thread#1"                     [id=1736, stack(0x0000003ae1500000,0x0000003ae1600000) (1024K)]
  0x0000014cff76d100 WorkerThread "GC Thread#2"                     [id=15496, stack(0x0000003ae1600000,0x0000003ae1700000) (1024K)]
  0x0000014cff13cbf0 WorkerThread "GC Thread#3"                     [id=18176, stack(0x0000003ae1700000,0x0000003ae1800000) (1024K)]
  0x0000014cff13cfa0 WorkerThread "GC Thread#4"                     [id=23140, stack(0x0000003ae1800000,0x0000003ae1900000) (1024K)]
  0x0000014cff13d350 WorkerThread "GC Thread#5"                     [id=1812, stack(0x0000003ae1900000,0x0000003ae1a00000) (1024K)]
  0x0000014cff13d700 WorkerThread "GC Thread#6"                     [id=21156, stack(0x0000003ae1a00000,0x0000003ae1b00000) (1024K)]
  0x0000014cff88d4c0 WorkerThread "GC Thread#7"                     [id=7540, stack(0x0000003ae1c00000,0x0000003ae1d00000) (1024K)]
Total: 10

Threads with active compile tasks:
C2 CompilerThread0  3693575 12106       4       org.eclipse.jdt.internal.core.JavaProject$ModuleLookup::addTransitive (71 bytes)
Total: 1

VM state: not at safepoint (normal execution)

VM Mutex/Monitor currently owned by a thread: None

Heap address: 0x0000000080000000, size: 2048 MB, Compressed Oops mode: 32-bit

CDS archive(s) mapped at: [0x0000014cbd000000-0x0000014cbdba0000-0x0000014cbdba0000), size 12189696, SharedBaseAddress: 0x0000014cbd000000, ArchiveRelocationMode: 1.
Compressed class space mapped at: 0x0000014cbe000000-0x0000014cfe000000, reserved size: 1073741824
Narrow klass base: 0x0000014cbd000000, Narrow klass shift: 0, Narrow klass range: 0x100000000

GC Precious Log:
 CardTable entry size: 512
 CPUs: 8 total, 8 available
 Memory: 3885M
 Large Page Support: Disabled
 NUMA Support: Disabled
 Compressed Oops: Enabled (32-bit)
 Alignments: Space 512K, Generation 512K, Heap 2M
 Heap Min Capacity: 100M
 Heap Initial Capacity: 100M
 Heap Max Capacity: 2G
 Pre-touch: Disabled
 Parallel Workers: 8

Heap:
 PSYoungGen      total 18944K, used 12422K [0x00000000d5580000, 0x00000000d6980000, 0x0000000100000000)
  eden space 17408K, 70% used [0x00000000d5580000,0x00000000d6171bc8,0x00000000d6680000)
  from space 1536K, 12% used [0x00000000d6700000,0x00000000d6730000,0x00000000d6880000)
  to   space 512K, 0% used [0x00000000d6900000,0x00000000d6900000,0x00000000d6980000)
 ParOldGen       total 80896K, used 75673K [0x0000000080000000, 0x0000000084f00000, 0x00000000d5580000)
  object space 80896K, 93% used [0x0000000080000000,0x00000000849e6490,0x0000000084f00000)
 Metaspace       used 67376K, committed 68864K, reserved 1114112K
  class space    used 7245K, committed 7872K, reserved 1048576K

Card table byte_map: [0x0000014ca54c0000,0x0000014ca58d0000] _byte_map_base: 0x0000014ca50c0000

Marking Bits: (ParMarkBitMap*) 0x00007ffc011d3450
 Begin Bits: [0x0000014cb7fd0000, 0x0000014cb9fd0000)
 End Bits:   [0x0000014cb9fd0000, 0x0000014cbbfd0000)

Polling page: 0x0000014ca3920000

Metaspace:

Usage:
  Non-class:     58.72 MB used.
      Class:      7.08 MB used.
       Both:     65.80 MB used.

Virtual space:
  Non-class space:       64.00 MB reserved,      59.56 MB ( 93%) committed,  1 nodes.
      Class space:        1.00 GB reserved,       7.69 MB ( <1%) committed,  1 nodes.
             Both:        1.06 GB reserved,      67.25 MB (  6%) committed. 

Chunk freelists:
   Non-Class:  4.38 MB
       Class:  8.13 MB
        Both:  12.51 MB

MaxMetaspaceSize: unlimited
CompressedClassSpaceSize: 1.00 GB
Initial GC threshold: 21.00 MB
Current GC threshold: 97.31 MB
CDS: on
 - commit_granule_bytes: 65536.
 - commit_granule_words: 8192.
 - virtual_space_node_default_size: 8388608.
 - enlarge_chunks_in_place: 1.
 - use_allocation_guard: 0.


Internal statistics:

num_allocs_failed_limit: 9.
num_arena_births: 1268.
num_arena_deaths: 14.
num_vsnodes_births: 2.
num_vsnodes_deaths: 0.
num_space_committed: 1076.
num_space_uncommitted: 0.
num_chunks_returned_to_freelist: 23.
num_chunks_taken_from_freelist: 4306.
num_chunk_merges: 15.
num_chunk_splits: 2615.
num_chunks_enlarged: 1436.
num_inconsistent_stats: 0.

CodeHeap 'non-profiled nmethods': size=120000Kb used=7454Kb max_used=7454Kb free=112545Kb
 bounds [0x0000014cb07f0000, 0x0000014cb0f40000, 0x0000014cb7d20000]
CodeHeap 'profiled nmethods': size=120000Kb used=25497Kb max_used=25497Kb free=94502Kb
 bounds [0x0000014ca8d20000, 0x0000014caa610000, 0x0000014cb0250000]
CodeHeap 'non-nmethods': size=5760Kb used=1474Kb max_used=1523Kb free=4285Kb
 bounds [0x0000014cb0250000, 0x0000014cb04c0000, 0x0000014cb07f0000]
CodeCache: size=245760Kb, used=34425Kb, max_used=34474Kb, free=211332Kb
 total_blobs=12138, nmethods=11359, adapters=685, full_count=0
Compilation: enabled, stopped_count=0, restarted_count=0

Compilation events (20 events):
Event: 3688.269 Thread 0x0000014ca5aa1e70 12105   !   4       org.eclipse.jdt.internal.compiler.classfmt.ClassFileReader::<init> (1968 bytes)
Event: 3688.334 Thread 0x0000014ca5acdd70 12108       3       org.eclipse.jdt.internal.core.JavaProject::computePackageFragmentRoots (683 bytes)
Event: 3688.710 Thread 0x0000014ca5acdd70 nmethod 12108 0x0000014caa5e7890 code [0x0000014caa5e8160, 0x0000014caa5ed640]
Event: 3689.610 Thread 0x0000014ca5aa1e70 nmethod 12105 0x0000014cb0f2bd90 code [0x0000014cb0f2c5c0, 0x0000014cb0f33d40]
Event: 3689.613 Thread 0x0000014ca5aa1e70 12106       4       org.eclipse.jdt.internal.core.JavaProject$ModuleLookup::addTransitive (71 bytes)
Event: 3689.796 Thread 0x0000014ca5acdd70 12111   !   3       org.eclipse.jdt.internal.core.JavaProjectElementInfo::initializePackageNames (130 bytes)
Event: 3689.858 Thread 0x0000014ca5acdd70 nmethod 12111 0x0000014caa5ef310 code [0x0000014caa5ef600, 0x0000014caa5f0b20]
Event: 3689.858 Thread 0x0000014ca5acdd70 12113       3       org.eclipse.jdt.internal.core.JavaModelCache::getExistingElement (101 bytes)
Event: 3689.891 Thread 0x0000014ca5acdd70 nmethod 12113 0x0000014caa5f1290 code [0x0000014caa5f1540, 0x0000014caa5f2868]
Event: 3689.891 Thread 0x0000014ca5acdd70 12112  s    3       org.eclipse.jdt.internal.core.JavaModelManager::getExistingElement (9 bytes)
Event: 3689.892 Thread 0x0000014ca5acdd70 nmethod 12112 0x0000014caa5f2c10 code [0x0000014caa5f2dc0, 0x0000014caa5f2fe0]
Event: 3691.482 Thread 0x0000014ca5acdd70 12117       3       org.eclipse.jdt.internal.core.JavaModelCache::getInfo (156 bytes)
Event: 3691.500 Thread 0x0000014ca5acdd70 nmethod 12117 0x0000014caa5f3110 code [0x0000014caa5f34c0, 0x0000014caa5f5518]
Event: 3691.573 Thread 0x0000014ca5acdd70 12119       3       org.eclipse.jdt.internal.core.JavaProject::getPackageFragmentRoot (98 bytes)
Event: 3691.585 Thread 0x0000014ca5acdd70 nmethod 12119 0x0000014caa5f5b10 code [0x0000014caa5f5dc0, 0x0000014caa5f6d90]
Event: 3691.652 Thread 0x0000014ca5acdd70 12121       3       org.eclipse.jdt.internal.core.JarPackageFragmentRoot::equals (55 bytes)
Event: 3691.655 Thread 0x0000014ca5acdd70 nmethod 12121 0x0000014caa5f7310 code [0x0000014caa5f7500, 0x0000014caa5f7a18]
Event: 3691.693 Thread 0x0000014ca5acdd70 12122   !   3       org.eclipse.core.internal.resources.ProjectPreferences::silentLoad (65 bytes)
Event: 3691.857 Thread 0x0000014ca5acdd70 nmethod 12122 0x0000014caa5f7b90 code [0x0000014caa5f7dc0, 0x0000014caa5f8880]
Event: 3692.390 Thread 0x0000014ca5acdd70 12123       3       org.eclipse.jdt.internal.compiler.parser.Parser::consumeToken (2260 bytes)

GC Heap History (20 events):
Event: 53.143 GC heap before
{Heap before GC invocations=73 (full 3):
 PSYoungGen      total 18432K, used 18432K [0x00000000d5580000, 0x00000000d6b80000, 0x0000000100000000)
  eden space 17920K, 100% used [0x00000000d5580000,0x00000000d6700000,0x00000000d6700000)
  from space 512K, 100% used [0x00000000d6780000,0x00000000d6800000,0x00000000d6800000)
  to   space 1536K, 0% used [0x00000000d6a00000,0x00000000d6a00000,0x00000000d6b80000)
 ParOldGen       total 80896K, used 70272K [0x0000000080000000, 0x0000000084f00000, 0x00000000d5580000)
  object space 80896K, 86% used [0x0000000080000000,0x00000000844a0270,0x0000000084f00000)
 Metaspace       used 64135K, committed 65600K, reserved 1114112K
  class space    used 6852K, committed 7488K, reserved 1048576K
}
Event: 53.148 GC heap after
{Heap after GC invocations=73 (full 3):
 PSYoungGen      total 18432K, used 192K [0x00000000d5580000, 0x00000000d6a80000, 0x0000000100000000)
  eden space 17920K, 0% used [0x00000000d5580000,0x00000000d5580000,0x00000000d6700000)
  from space 512K, 37% used [0x00000000d6a00000,0x00000000d6a30000,0x00000000d6a80000)
  to   space 512K, 0% used [0x00000000d6780000,0x00000000d6780000,0x00000000d6800000)
 ParOldGen       total 80896K, used 70400K [0x0000000080000000, 0x0000000084f00000, 0x00000000d5580000)
  object space 80896K, 87% used [0x0000000080000000,0x00000000844c0270,0x0000000084f00000)
 Metaspace       used 64135K, committed 65600K, reserved 1114112K
  class space    used 6852K, committed 7488K, reserved 1048576K
}
Event: 53.774 GC heap before
{Heap before GC invocations=74 (full 3):
 PSYoungGen      total 18432K, used 18112K [0x00000000d5580000, 0x00000000d6a80000, 0x0000000100000000)
  eden space 17920K, 100% used [0x00000000d5580000,0x00000000d6700000,0x00000000d6700000)
  from space 512K, 37% used [0x00000000d6a00000,0x00000000d6a30000,0x00000000d6a80000)
  to   space 512K, 0% used [0x00000000d6780000,0x00000000d6780000,0x00000000d6800000)
 ParOldGen       total 80896K, used 70400K [0x0000000080000000, 0x0000000084f00000, 0x00000000d5580000)
  object space 80896K, 87% used [0x0000000080000000,0x00000000844c0270,0x0000000084f00000)
 Metaspace       used 64284K, committed 65728K, reserved 1114112K
  class space    used 6864K, committed 7488K, reserved 1048576K
}
Event: 53.777 GC heap after
{Heap after GC invocations=74 (full 3):
 PSYoungGen      total 18432K, used 512K [0x00000000d5580000, 0x00000000d6a80000, 0x0000000100000000)
  eden space 17920K, 0% used [0x00000000d5580000,0x00000000d5580000,0x00000000d6700000)
  from space 512K, 100% used [0x00000000d6780000,0x00000000d6800000,0x00000000d6800000)
  to   space 1024K, 0% used [0x00000000d6980000,0x00000000d6980000,0x00000000d6a80000)
 ParOldGen       total 80896K, used 70512K [0x0000000080000000, 0x0000000084f00000, 0x00000000d5580000)
  object space 80896K, 87% used [0x0000000080000000,0x00000000844dc270,0x0000000084f00000)
 Metaspace       used 64284K, committed 65728K, reserved 1114112K
  class space    used 6864K, committed 7488K, reserved 1048576K
}
Event: 54.223 GC heap before
{Heap before GC invocations=75 (full 3):
 PSYoungGen      total 18432K, used 18432K [0x00000000d5580000, 0x00000000d6a80000, 0x0000000100000000)
  eden space 17920K, 100% used [0x00000000d5580000,0x00000000d6700000,0x00000000d6700000)
  from space 512K, 100% used [0x00000000d6780000,0x00000000d6800000,0x00000000d6800000)
  to   space 1024K, 0% used [0x00000000d6980000,0x00000000d6980000,0x00000000d6a80000)
 ParOldGen       total 80896K, used 70512K [0x0000000080000000, 0x0000000084f00000, 0x00000000d5580000)
  object space 80896K, 87% used [0x0000000080000000,0x00000000844dc270,0x0000000084f00000)
 Metaspace       used 64336K, committed 65792K, reserved 1114112K
  class space    used 6865K, committed 7488K, reserved 1048576K
}
Event: 54.229 GC heap after
{Heap after GC invocations=75 (full 3):
 PSYoungGen      total 18944K, used 1024K [0x00000000d5580000, 0x00000000d6a80000, 0x0000000100000000)
  eden space 17920K, 0% used [0x00000000d5580000,0x00000000d5580000,0x00000000d6700000)
  from space 1024K, 100% used [0x00000000d6980000,0x00000000d6a80000,0x00000000d6a80000)
  to   space 1536K, 0% used [0x00000000d6780000,0x00000000d6780000,0x00000000d6900000)
 ParOldGen       total 80896K, used 71040K [0x0000000080000000, 0x0000000084f00000, 0x00000000d5580000)
  object space 80896K, 87% used [0x0000000080000000,0x0000000084560270,0x0000000084f00000)
 Metaspace       used 64336K, committed 65792K, reserved 1114112K
  class space    used 6865K, committed 7488K, reserved 1048576K
}
Event: 54.596 GC heap before
{Heap before GC invocations=76 (full 3):
 PSYoungGen      total 18944K, used 18944K [0x00000000d5580000, 0x00000000d6a80000, 0x0000000100000000)
  eden space 17920K, 100% used [0x00000000d5580000,0x00000000d6700000,0x00000000d6700000)
  from space 1024K, 100% used [0x00000000d6980000,0x00000000d6a80000,0x00000000d6a80000)
  to   space 1536K, 0% used [0x00000000d6780000,0x00000000d6780000,0x00000000d6900000)
 ParOldGen       total 80896K, used 71040K [0x0000000080000000, 0x0000000084f00000, 0x00000000d5580000)
  object space 80896K, 87% used [0x0000000080000000,0x0000000084560270,0x0000000084f00000)
 Metaspace       used 64376K, committed 65856K, reserved 1114112K
  class space    used 6865K, committed 7488K, reserved 1048576K
}
Event: 54.600 GC heap after
{Heap after GC invocations=76 (full 3):
 PSYoungGen      total 19456K, used 704K [0x00000000d5580000, 0x00000000d6a00000, 0x0000000100000000)
  eden space 17920K, 0% used [0x00000000d5580000,0x00000000d5580000,0x00000000d6700000)
  from space 1536K, 45% used [0x00000000d6780000,0x00000000d6830000,0x00000000d6900000)
  to   space 1024K, 0% used [0x00000000d6900000,0x00000000d6900000,0x00000000d6a00000)
 ParOldGen       total 80896K, used 71256K [0x0000000080000000, 0x0000000084f00000, 0x00000000d5580000)
  object space 80896K, 88% used [0x0000000080000000,0x0000000084596270,0x0000000084f00000)
 Metaspace       used 64376K, committed 65856K, reserved 1114112K
  class space    used 6865K, committed 7488K, reserved 1048576K
}
Event: 55.167 GC heap before
{Heap before GC invocations=77 (full 3):
 PSYoungGen      total 19456K, used 18624K [0x00000000d5580000, 0x00000000d6a00000, 0x0000000100000000)
  eden space 17920K, 100% used [0x00000000d5580000,0x00000000d6700000,0x00000000d6700000)
  from space 1536K, 45% used [0x00000000d6780000,0x00000000d6830000,0x00000000d6900000)
  to   space 1024K, 0% used [0x00000000d6900000,0x00000000d6900000,0x00000000d6a00000)
 ParOldGen       total 80896K, used 71256K [0x0000000080000000, 0x0000000084f00000, 0x00000000d5580000)
  object space 80896K, 88% used [0x0000000080000000,0x0000000084596270,0x0000000084f00000)
 Metaspace       used 64462K, committed 65920K, reserved 1114112K
  class space    used 6873K, committed 7488K, reserved 1048576K
}
Event: 55.170 GC heap after
{Heap after GC invocations=77 (full 3):
 PSYoungGen      total 18944K, used 544K [0x00000000d5580000, 0x00000000d6a00000, 0x0000000100000000)
  eden space 17920K, 0% used [0x00000000d5580000,0x00000000d5580000,0x00000000d6700000)
  from space 1024K, 53% used [0x00000000d6900000,0x00000000d6988000,0x00000000d6a00000)
  to   space 1024K, 0% used [0x00000000d6800000,0x00000000d6800000,0x00000000d6900000)
 ParOldGen       total 80896K, used 71400K [0x0000000080000000, 0x0000000084f00000, 0x00000000d5580000)
  object space 80896K, 88% used [0x0000000080000000,0x00000000845ba270,0x0000000084f00000)
 Metaspace       used 64462K, committed 65920K, reserved 1114112K
  class space    used 6873K, committed 7488K, reserved 1048576K
}
Event: 55.710 GC heap before
{Heap before GC invocations=78 (full 3):
 PSYoungGen      total 18944K, used 18464K [0x00000000d5580000, 0x00000000d6a00000, 0x0000000100000000)
  eden space 17920K, 100% used [0x00000000d5580000,0x00000000d6700000,0x00000000d6700000)
  from space 1024K, 53% used [0x00000000d6900000,0x00000000d6988000,0x00000000d6a00000)
  to   space 1024K, 0% used [0x00000000d6800000,0x00000000d6800000,0x00000000d6900000)
 ParOldGen       total 80896K, used 71400K [0x0000000080000000, 0x0000000084f00000, 0x00000000d5580000)
  object space 80896K, 88% used [0x0000000080000000,0x00000000845ba270,0x0000000084f00000)
 Metaspace       used 65625K, committed 67072K, reserved 1114112K
  class space    used 7046K, committed 7680K, reserved 1048576K
}
Event: 55.722 GC heap after
{Heap after GC invocations=78 (full 3):
 PSYoungGen      total 18944K, used 857K [0x00000000d5580000, 0x00000000d6980000, 0x0000000100000000)
  eden space 17920K, 0% used [0x00000000d5580000,0x00000000d5580000,0x00000000d6700000)
  from space 1024K, 83% used [0x00000000d6800000,0x00000000d68d6470,0x00000000d6900000)
  to   space 512K, 0% used [0x00000000d6900000,0x00000000d6900000,0x00000000d6980000)
 ParOldGen       total 80896K, used 71729K [0x0000000080000000, 0x0000000084f00000, 0x00000000d5580000)
  object space 80896K, 88% used [0x0000000080000000,0x000000008460c710,0x0000000084f00000)
 Metaspace       used 65625K, committed 67072K, reserved 1114112K
  class space    used 7046K, committed 7680K, reserved 1048576K
}
Event: 56.502 GC heap before
{Heap before GC invocations=79 (full 3):
 PSYoungGen      total 18944K, used 18690K [0x00000000d5580000, 0x00000000d6980000, 0x0000000100000000)
  eden space 17920K, 99% used [0x00000000d5580000,0x00000000d66ea3c0,0x00000000d6700000)
  from space 1024K, 83% used [0x00000000d6800000,0x00000000d68d6470,0x00000000d6900000)
  to   space 512K, 0% used [0x00000000d6900000,0x00000000d6900000,0x00000000d6980000)
 ParOldGen       total 80896K, used 71729K [0x0000000080000000, 0x0000000084f00000, 0x00000000d5580000)
  object space 80896K, 88% used [0x0000000080000000,0x000000008460c710,0x0000000084f00000)
 Metaspace       used 66443K, committed 67968K, reserved 1114112K
  class space    used 7149K, committed 7808K, reserved 1048576K
}
Event: 56.514 GC heap after
{Heap after GC invocations=79 (full 3):
 PSYoungGen      total 17920K, used 496K [0x00000000d5580000, 0x00000000d6c00000, 0x0000000100000000)
  eden space 17408K, 0% used [0x00000000d5580000,0x00000000d5580000,0x00000000d6680000)
  from space 512K, 96% used [0x00000000d6900000,0x00000000d697c010,0x00000000d6980000)
  to   space 2560K, 0% used [0x00000000d6680000,0x00000000d6680000,0x00000000d6900000)
 ParOldGen       total 80896K, used 73138K [0x0000000080000000, 0x0000000084f00000, 0x00000000d5580000)
  object space 80896K, 90% used [0x0000000080000000,0x000000008476c968,0x0000000084f00000)
 Metaspace       used 66443K, committed 67968K, reserved 1114112K
  class space    used 7149K, committed 7808K, reserved 1048576K
}
Event: 57.337 GC heap before
{Heap before GC invocations=80 (full 3):
 PSYoungGen      total 17920K, used 17904K [0x00000000d5580000, 0x00000000d6c00000, 0x0000000100000000)
  eden space 17408K, 100% used [0x00000000d5580000,0x00000000d6680000,0x00000000d6680000)
  from space 512K, 96% used [0x00000000d6900000,0x00000000d697c010,0x00000000d6980000)
  to   space 2560K, 0% used [0x00000000d6680000,0x00000000d6680000,0x00000000d6900000)
 ParOldGen       total 80896K, used 73138K [0x0000000080000000, 0x0000000084f00000, 0x00000000d5580000)
  object space 80896K, 90% used [0x0000000080000000,0x000000008476c968,0x0000000084f00000)
 Metaspace       used 66781K, committed 68224K, reserved 1114112K
  class space    used 7184K, committed 7808K, reserved 1048576K
}
Event: 57.345 GC heap after
{Heap after GC invocations=80 (full 3):
 PSYoungGen      total 19968K, used 2057K [0x00000000d5580000, 0x00000000d6b80000, 0x0000000100000000)
  eden space 17408K, 0% used [0x00000000d5580000,0x00000000d5580000,0x00000000d6680000)
  from space 2560K, 80% used [0x00000000d6680000,0x00000000d68825d8,0x00000000d6900000)
  to   space 2560K, 0% used [0x00000000d6900000,0x00000000d6900000,0x00000000d6b80000)
 ParOldGen       total 80896K, used 73512K [0x0000000080000000, 0x0000000084f00000, 0x00000000d5580000)
  object space 80896K, 90% used [0x0000000080000000,0x00000000847ca288,0x0000000084f00000)
 Metaspace       used 66781K, committed 68224K, reserved 1114112K
  class space    used 7184K, committed 7808K, reserved 1048576K
}
Event: 3617.728 GC heap before
{Heap before GC invocations=81 (full 3):
 PSYoungGen      total 19968K, used 19465K [0x00000000d5580000, 0x00000000d6b80000, 0x0000000100000000)
  eden space 17408K, 100% used [0x00000000d5580000,0x00000000d6680000,0x00000000d6680000)
  from space 2560K, 80% used [0x00000000d6680000,0x00000000d68825d8,0x00000000d6900000)
  to   space 2560K, 0% used [0x00000000d6900000,0x00000000d6900000,0x00000000d6b80000)
 ParOldGen       total 80896K, used 73512K [0x0000000080000000, 0x0000000084f00000, 0x00000000d5580000)
  object space 80896K, 90% used [0x0000000080000000,0x00000000847ca288,0x0000000084f00000)
 Metaspace       used 66819K, committed 68224K, reserved 1114112K
  class space    used 7189K, committed 7808K, reserved 1048576K
}
Event: 3617.858 GC heap after
{Heap after GC invocations=81 (full 3):
 PSYoungGen      total 18432K, used 722K [0x00000000d5580000, 0x00000000d6a00000, 0x0000000100000000)
  eden space 17408K, 0% used [0x00000000d5580000,0x00000000d5580000,0x00000000d6680000)
  from space 1024K, 70% used [0x00000000d6900000,0x00000000d69b4810,0x00000000d6a00000)
  to   space 1536K, 0% used [0x00000000d6700000,0x00000000d6700000,0x00000000d6880000)
 ParOldGen       total 80896K, used 75394K [0x0000000080000000, 0x0000000084f00000, 0x00000000d5580000)
  object space 80896K, 93% used [0x0000000080000000,0x00000000849a09c8,0x0000000084f00000)
 Metaspace       used 66819K, committed 68224K, reserved 1114112K
  class space    used 7189K, committed 7808K, reserved 1048576K
}
Event: 3622.752 GC heap before
{Heap before GC invocations=82 (full 3):
 PSYoungGen      total 18432K, used 18130K [0x00000000d5580000, 0x00000000d6a00000, 0x0000000100000000)
  eden space 17408K, 100% used [0x00000000d5580000,0x00000000d6680000,0x00000000d6680000)
  from space 1024K, 70% used [0x00000000d6900000,0x00000000d69b4810,0x00000000d6a00000)
  to   space 1536K, 0% used [0x00000000d6700000,0x00000000d6700000,0x00000000d6880000)
 ParOldGen       total 80896K, used 75394K [0x0000000080000000, 0x0000000084f00000, 0x00000000d5580000)
  object space 80896K, 93% used [0x0000000080000000,0x00000000849a09c8,0x0000000084f00000)
 Metaspace       used 66823K, committed 68224K, reserved 1114112K
  class space    used 7189K, committed 7808K, reserved 1048576K
}
Event: 3623.175 GC heap after
{Heap after GC invocations=82 (full 3):
 PSYoungGen      total 18944K, used 192K [0x00000000d5580000, 0x00000000d6980000, 0x0000000100000000)
  eden space 17408K, 0% used [0x00000000d5580000,0x00000000d5580000,0x00000000d6680000)
  from space 1536K, 12% used [0x00000000d6700000,0x00000000d6730000,0x00000000d6880000)
  to   space 512K, 0% used [0x00000000d6900000,0x00000000d6900000,0x00000000d6980000)
 ParOldGen       total 80896K, used 75673K [0x0000000080000000, 0x0000000084f00000, 0x00000000d5580000)
  object space 80896K, 93% used [0x0000000080000000,0x00000000849e6490,0x0000000084f00000)
 Metaspace       used 66823K, committed 68224K, reserved 1114112K
  class space    used 7189K, committed 7808K, reserved 1048576K
}

Dll operation events (12 events):
Event: 0.050 Loaded shared library c:\Users\mayec\.vscode\extensions\redhat.java-1.54.0-win32-x64\jre\21.0.10-win32-x86_64\bin\java.dll
Event: 0.392 Loaded shared library c:\Users\mayec\.vscode\extensions\redhat.java-1.54.0-win32-x64\jre\21.0.10-win32-x86_64\bin\zip.dll
Event: 0.572 Loaded shared library C:\Users\mayec\.vscode\extensions\redhat.java-1.54.0-win32-x64\jre\21.0.10-win32-x86_64\bin\instrument.dll
Event: 0.649 Loaded shared library C:\Users\mayec\.vscode\extensions\redhat.java-1.54.0-win32-x64\jre\21.0.10-win32-x86_64\bin\net.dll
Event: 0.657 Loaded shared library C:\Users\mayec\.vscode\extensions\redhat.java-1.54.0-win32-x64\jre\21.0.10-win32-x86_64\bin\nio.dll
Event: 0.669 Loaded shared library C:\Users\mayec\.vscode\extensions\redhat.java-1.54.0-win32-x64\jre\21.0.10-win32-x86_64\bin\zip.dll
Event: 0.799 Loaded shared library C:\Users\mayec\.vscode\extensions\redhat.java-1.54.0-win32-x64\jre\21.0.10-win32-x86_64\bin\jimage.dll
Event: 1.130 Loaded shared library c:\Users\mayec\.vscode\extensions\redhat.java-1.54.0-win32-x64\jre\21.0.10-win32-x86_64\bin\verify.dll
Event: 5.165 Loaded shared library C:\Users\mayec\AppData\Roaming\Code\User\globalStorage\redhat.java\1.54.0\config_win\org.eclipse.equinox.launcher\org.eclipse.equinox.launcher.win32.win32.x86_64_1.3.0.v20260203-2149\eclipse_11919.dll
Event: 19.839 Loaded shared library C:\Users\mayec\AppData\Local\Temp\jna-103673027\jna6673964545263510690.dll
Event: 51.814 Loaded shared library C:\Users\mayec\.vscode\extensions\redhat.java-1.54.0-win32-x64\jre\21.0.10-win32-x86_64\bin\sunmscapi.dll
Event: 55.204 Loaded shared library C:\Users\mayec\.vscode\extensions\redhat.java-1.54.0-win32-x64\jre\21.0.10-win32-x86_64\bin\extnet.dll

Deoptimization events (20 events):
Event: 3682.600 Thread 0x0000014c84392d90 DEOPT PACKING pc=0x0000014cb095a7f8 sp=0x0000003ae2bfed60
Event: 3682.600 Thread 0x0000014c84392d90 DEOPT UNPACKING pc=0x0000014cb02a6da2 sp=0x0000003ae2bfec90 mode 2
Event: 3685.916 Thread 0x0000014c84392d90 Uncommon trap: trap_request=0xffffffde fr.pc=0x0000014cb0da652c relative=0x000000000000248c
Event: 3685.916 Thread 0x0000014c84392d90 Uncommon trap: reason=class_check action=maybe_recompile pc=0x0000014cb0da652c method=org.eclipse.jdt.internal.core.JavaModelCache.getInfo(Lorg/eclipse/jdt/core/IJavaElement;)Lorg/eclipse/jdt/internal/compiler/env/IElementInfo; @ 106 c2
Event: 3685.917 Thread 0x0000014c84392d90 DEOPT PACKING pc=0x0000014cb0da652c sp=0x0000003ae2bfed90
Event: 3685.917 Thread 0x0000014c84392d90 DEOPT UNPACKING pc=0x0000014cb02a6da2 sp=0x0000003ae2bfed00 mode 2
Event: 3687.638 Thread 0x0000014c84392d90 Uncommon trap: trap_request=0xffffff45 fr.pc=0x0000014cb0eabbcc relative=0x000000000000398c
Event: 3687.650 Thread 0x0000014c84392d90 Uncommon trap: reason=unstable_if action=reinterpret pc=0x0000014cb0eabbcc method=org.eclipse.jdt.internal.core.JavaProject.computePackageFragmentRoots(Lorg/eclipse/jdt/core/IClasspathEntry;Lorg/eclipse/jdt/internal/compiler/util/ObjectVector;Ljava/util/H
Event: 3687.650 Thread 0x0000014c84392d90 DEOPT PACKING pc=0x0000014cb0eabbcc sp=0x0000003ae2bfe610
Event: 3687.650 Thread 0x0000014c84392d90 DEOPT UNPACKING pc=0x0000014cb02a6da2 sp=0x0000003ae2bfe5e0 mode 2
Event: 3688.077 Thread 0x0000014c84392d90 DEOPT PACKING pc=0x0000014caa5615a2 sp=0x0000003ae2bfe0e0
Event: 3688.078 Thread 0x0000014c84392d90 DEOPT UNPACKING pc=0x0000014cb02a78e2 sp=0x0000003ae2bfd658 mode 0
Event: 3691.006 Thread 0x0000014c84392d90 Uncommon trap: trap_request=0xffffff45 fr.pc=0x0000014cb0ea5400 relative=0x0000000000000420
Event: 3691.006 Thread 0x0000014c84392d90 Uncommon trap: reason=unstable_if action=reinterpret pc=0x0000014cb0ea5400 method=org.eclipse.jdt.internal.core.JarPackageFragmentRoot.equals(Ljava/lang/Object;)Z @ 32 c2
Event: 3691.006 Thread 0x0000014c84392d90 DEOPT PACKING pc=0x0000014cb0ea5400 sp=0x0000003ae2bfe7d0
Event: 3691.006 Thread 0x0000014c84392d90 DEOPT UNPACKING pc=0x0000014cb02a6da2 sp=0x0000003ae2bfe778 mode 2
Event: 3691.015 Thread 0x0000014c84392d90 Uncommon trap: trap_request=0xffffffde fr.pc=0x0000014cb0daa73c relative=0x0000000000001bbc
Event: 3691.015 Thread 0x0000014c84392d90 Uncommon trap: reason=class_check action=maybe_recompile pc=0x0000014cb0daa73c method=org.eclipse.jdt.internal.core.JavaModelCache.getInfo(Lorg/eclipse/jdt/core/IJavaElement;)Lorg/eclipse/jdt/internal/compiler/env/IElementInfo; @ 106 c2
Event: 3691.015 Thread 0x0000014c84392d90 DEOPT PACKING pc=0x0000014cb0daa73c sp=0x0000003ae2bfe5c0
Event: 3691.015 Thread 0x0000014c84392d90 DEOPT UNPACKING pc=0x0000014cb02a6da2 sp=0x0000003ae2bfe598 mode 2

Classes loaded (20 events):
Event: 57.283 Loading class sun/security/ssl/PreSharedKeyExtension$PartialClientHelloMessage
Event: 57.283 Loading class sun/security/ssl/PreSharedKeyExtension$PartialClientHelloMessage done
Event: 57.283 Loading class sun/security/ssl/SSLEngineOutputRecord
Event: 57.284 Loading class sun/security/ssl/SSLEngineOutputRecord done
Event: 57.285 Loading class sun/security/ssl/SSLEngineOutputRecord$HandshakeFragment
Event: 57.286 Loading class sun/security/ssl/SSLEngineOutputRecord$HandshakeFragment done
Event: 57.286 Loading class sun/security/ssl/SSLEngineOutputRecord$HandshakeMemo
Event: 57.286 Loading class sun/security/ssl/SSLEngineOutputRecord$RecordMemo
Event: 57.286 Loading class sun/security/ssl/SSLEngineOutputRecord$RecordMemo done
Event: 57.286 Loading class sun/security/ssl/SSLEngineOutputRecord$HandshakeMemo done
Event: 57.302 Loading class sun/security/ssl/PreSharedKeyExtension$SHPreSharedKeySpec
Event: 57.302 Loading class sun/security/ssl/PreSharedKeyExtension$SHPreSharedKeySpec done
Event: 66.808 Loading class sun/net/ConnectionResetException
Event: 66.809 Loading class sun/net/ConnectionResetException done
Event: 3676.492 Loading class java/nio/charset/CharacterCodingException
Event: 3676.519 Loading class java/nio/charset/CharacterCodingException done
Event: 3676.558 Loading class java/io/SequenceInputStream
Event: 3676.592 Loading class java/io/SequenceInputStream done
Event: 3679.234 Loading class java/util/WeakHashMap$KeyIterator
Event: 3679.243 Loading class java/util/WeakHashMap$KeyIterator done

Classes unloaded (7 events):
Event: 21.185 Thread 0x0000014ca5a939f0 Unloading class 0x0000014cbe1b0c00 'java/lang/invoke/LambdaForm$MH+0x0000014cbe1b0c00'
Event: 21.185 Thread 0x0000014ca5a939f0 Unloading class 0x0000014cbe1b0800 'java/lang/invoke/LambdaForm$MH+0x0000014cbe1b0800'
Event: 21.185 Thread 0x0000014ca5a939f0 Unloading class 0x0000014cbe1b0400 'java/lang/invoke/LambdaForm$MH+0x0000014cbe1b0400'
Event: 21.185 Thread 0x0000014ca5a939f0 Unloading class 0x0000014cbe1b0000 'java/lang/invoke/LambdaForm$MH+0x0000014cbe1b0000'
Event: 21.185 Thread 0x0000014ca5a939f0 Unloading class 0x0000014cbe1afc00 'java/lang/invoke/LambdaForm$BMH+0x0000014cbe1afc00'
Event: 21.185 Thread 0x0000014ca5a939f0 Unloading class 0x0000014cbe1af800 'java/lang/invoke/LambdaForm$DMH+0x0000014cbe1af800'
Event: 21.185 Thread 0x0000014ca5a939f0 Unloading class 0x0000014cbe1ae400 'java/lang/invoke/LambdaForm$DMH+0x0000014cbe1ae400'

Classes redefined (0 events):
No events

Internal exceptions (20 events):
Event: 55.728 Thread 0x0000014c861a70d0 Exception <a 'sun/nio/fs/WindowsException'{0x00000000d5585be8}> (0x00000000d5585be8) 
thrown [s\src\hotspot\share\prims\jni.cpp, line 520]
Event: 55.871 Thread 0x0000014c861a70d0 Exception <a 'sun/nio/fs/WindowsException'{0x00000000d57c9928}> (0x00000000d57c9928) 
thrown [s\src\hotspot\share\prims\jni.cpp, line 520]
Event: 55.871 Thread 0x0000014c861a70d0 Exception <a 'sun/nio/fs/WindowsException'{0x00000000d57ca430}> (0x00000000d57ca430) 
thrown [s\src\hotspot\share\prims\jni.cpp, line 520]
Event: 56.001 Thread 0x0000014c861a70d0 Exception <a 'sun/nio/fs/WindowsException'{0x00000000d5acf7b8}> (0x00000000d5acf7b8) 
thrown [s\src\hotspot\share\prims\jni.cpp, line 520]
Event: 56.001 Thread 0x0000014c861a70d0 Exception <a 'sun/nio/fs/WindowsException'{0x00000000d5ad02c0}> (0x00000000d5ad02c0) 
thrown [s\src\hotspot\share\prims\jni.cpp, line 520]
Event: 56.287 Thread 0x0000014c861a70d0 Exception <a 'sun/nio/fs/WindowsException'{0x00000000d60437d0}> (0x00000000d60437d0) 
thrown [s\src\hotspot\share\prims\jni.cpp, line 520]
Event: 56.287 Thread 0x0000014c861a70d0 Exception <a 'sun/nio/fs/WindowsException'{0x00000000d60442d8}> (0x00000000d60442d8) 
thrown [s\src\hotspot\share\prims\jni.cpp, line 520]
Event: 56.420 Thread 0x0000014c861a70d0 Exception <a 'sun/nio/fs/WindowsException'{0x00000000d63daea0}> (0x00000000d63daea0) 
thrown [s\src\hotspot\share\prims\jni.cpp, line 520]
Event: 56.420 Thread 0x0000014c861a70d0 Exception <a 'sun/nio/fs/WindowsException'{0x00000000d63db9a8}> (0x00000000d63db9a8) 
thrown [s\src\hotspot\share\prims\jni.cpp, line 520]
Event: 56.943 Thread 0x0000014c861a70d0 Exception <a 'sun/nio/fs/WindowsException'{0x00000000d65b1860}> (0x00000000d65b1860) 
thrown [s\src\hotspot\share\prims\jni.cpp, line 520]
Event: 56.943 Thread 0x0000014c861a70d0 Exception <a 'sun/nio/fs/WindowsException'{0x00000000d65b2368}> (0x00000000d65b2368) 
thrown [s\src\hotspot\share\prims\jni.cpp, line 520]
Event: 66.809 Thread 0x0000014c8738bec0 Exception <a 'sun/net/ConnectionResetException'{0x00000000d55e25c0}: Connection reset> (0x00000000d55e25c0) 
thrown [s\src\hotspot\share\prims\jni.cpp, line 539]
Event: 3485.348 Thread 0x0000014c861a6a40 Exception <a 'java/lang/IncompatibleClassChangeError'{0x00000000d56868f8}: Found class java.lang.Object, but interface was expected> (0x00000000d56868f8) 
thrown [s\src\hotspot\share\interpreter\linkResolver.cpp, line 840]
Event: 3624.940 Thread 0x0000014c861a5d20 Exception <a 'sun/nio/fs/WindowsException'{0x00000000d59b8510}> (0x00000000d59b8510) 
thrown [s\src\hotspot\share\prims\jni.cpp, line 520]
Event: 3625.056 Thread 0x0000014c861a5d20 Exception <a 'sun/nio/fs/WindowsException'{0x00000000d59b9018}> (0x00000000d59b9018) 
thrown [s\src\hotspot\share\prims\jni.cpp, line 520]
Event: 3677.833 Thread 0x0000014c861a6a40 Exception <a 'java/io/FileNotFoundException'{0x00000000d5e64ca8}> (0x00000000d5e64ca8) 
thrown [s\src\hotspot\share\prims\jni.cpp, line 520]
Event: 3677.838 Thread 0x0000014c861a6a40 Exception <a 'java/io/FileNotFoundException'{0x00000000d5e661c0}> (0x00000000d5e661c0) 
thrown [s\src\hotspot\share\prims\jni.cpp, line 520]
Event: 3678.661 Thread 0x0000014c861a6a40 Implicit null exception at 0x0000014cb0d8690e to 0x0000014cb0d86ac5
Event: 3678.690 Thread 0x0000014c861a6a40 Implicit null exception at 0x0000014cb0d87d33 to 0x0000014cb0d87ebd
Event: 3681.118 Thread 0x0000014c8438ffa0 Exception <a 'java/lang/NoSuchMethodError'{0x00000000d5f1c788}: 'java.lang.Object java.lang.invoke.DirectMethodHandle$Holder.invokeSpecial(java.lang.Object, java.lang.Object, int, long)'> (0x00000000d5f1c788) 
thrown [s\src\hotspot\share\interpreter\linkResolver.cpp, line 773]

ZGC Phase Switch (0 events):
No events

VM Operations (20 events):
Event: 3676.668 Executing safepoint VM operation: Cleanup
Event: 3676.670 Executing safepoint VM operation: Cleanup done
Event: 3677.670 Executing safepoint VM operation: Cleanup
Event: 3677.670 Executing safepoint VM operation: Cleanup done
Event: 3678.678 Executing safepoint VM operation: Cleanup
Event: 3678.688 Executing safepoint VM operation: Cleanup done
Event: 3679.697 Executing safepoint VM operation: Cleanup
Event: 3679.697 Executing safepoint VM operation: Cleanup done
Event: 3681.717 Executing safepoint VM operation: Cleanup
Event: 3681.728 Executing safepoint VM operation: Cleanup done
Event: 3682.735 Executing safepoint VM operation: Cleanup
Event: 3682.737 Executing safepoint VM operation: Cleanup done
Event: 3686.778 Executing safepoint VM operation: Cleanup
Event: 3687.247 Executing safepoint VM operation: Cleanup done
Event: 3689.286 Executing safepoint VM operation: Cleanup
Event: 3689.311 Executing safepoint VM operation: Cleanup done
Event: 3691.327 Executing safepoint VM operation: Cleanup
Event: 3691.342 Executing safepoint VM operation: Cleanup done
Event: 3692.344 Executing safepoint VM operation: Cleanup
Event: 3692.354 Executing safepoint VM operation: Cleanup done

Memory protections (0 events):
No events

Nmethod flushes (20 events):
Event: 41.998 Thread 0x0000014ca5a939f0 flushing  nmethod 0x0000014ca9539c90
Event: 41.998 Thread 0x0000014ca5a939f0 flushing  nmethod 0x0000014ca9540590
Event: 41.998 Thread 0x0000014ca5a939f0 flushing  nmethod 0x0000014ca9563610
Event: 41.998 Thread 0x0000014ca5a939f0 flushing  nmethod 0x0000014ca95a2210
Event: 41.998 Thread 0x0000014ca5a939f0 flushing osr nmethod 0x0000014ca95d0010
Event: 41.998 Thread 0x0000014ca5a939f0 flushing  nmethod 0x0000014ca95dc690
Event: 41.998 Thread 0x0000014ca5a939f0 flushing  nmethod 0x0000014ca95f4b90
Event: 41.998 Thread 0x0000014ca5a939f0 flushing  nmethod 0x0000014ca9605c10
Event: 41.998 Thread 0x0000014ca5a939f0 flushing  nmethod 0x0000014ca9605f90
Event: 41.998 Thread 0x0000014ca5a939f0 flushing  nmethod 0x0000014ca9609190
Event: 41.998 Thread 0x0000014ca5a939f0 flushing osr nmethod 0x0000014ca960fc10
Event: 41.998 Thread 0x0000014ca5a939f0 flushing  nmethod 0x0000014ca9625f10
Event: 41.998 Thread 0x0000014ca5a939f0 flushing  nmethod 0x0000014ca9626510
Event: 41.998 Thread 0x0000014ca5a939f0 flushing  nmethod 0x0000014ca9627390
Event: 41.998 Thread 0x0000014ca5a939f0 flushing  nmethod 0x0000014ca9628b90
Event: 41.998 Thread 0x0000014ca5a939f0 flushing  nmethod 0x0000014ca9631f10
Event: 41.998 Thread 0x0000014ca5a939f0 flushing  nmethod 0x0000014ca9637c90
Event: 41.998 Thread 0x0000014ca5a939f0 flushing  nmethod 0x0000014ca9659f10
Event: 41.998 Thread 0x0000014ca5a939f0 flushing  nmethod 0x0000014ca9669010
Event: 41.998 Thread 0x0000014ca5a939f0 flushing  nmethod 0x0000014ca967a610

Events (20 events):
Event: 56.834 Thread 0x0000014c8738f340 Thread exited: 0x0000014c8738f340
Event: 56.835 Thread 0x0000014c8738e620 Thread exited: 0x0000014c8738e620
Event: 56.888 Thread 0x0000014c8738ecb0 Thread exited: 0x0000014c8738ecb0
Event: 56.912 Thread 0x0000014c861ac620 Thread exited: 0x0000014c861ac620
Event: 57.310 Thread 0x0000014c861ab900 Thread added: 0x0000014c8738d900
Event: 57.313 Thread 0x0000014c8738d900 Thread exited: 0x0000014c8738d900
Event: 57.355 Thread 0x0000014c861ab900 Thread exited: 0x0000014c861ab900
Event: 71.829 Thread 0x0000014c8738bec0 Thread exited: 0x0000014c8738bec0
Event: 3272.336 Thread 0x0000014c84390630 Thread exited: 0x0000014c84390630
Event: 3272.436 Thread 0x0000014c84390cc0 Thread exited: 0x0000014c84390cc0
Event: 3281.864 Thread 0x0000014c861a70d0 Thread exited: 0x0000014c861a70d0
Event: 3332.542 Thread 0x0000014c84392070 Thread exited: 0x0000014c84392070
Event: 3342.152 Thread 0x0000014c861a8480 Thread exited: 0x0000014c861a8480
Event: 3402.358 Thread 0x0000014c861a5690 Thread exited: 0x0000014c861a5690
Event: 3462.201 Thread 0x0000014c861a7df0 Thread exited: 0x0000014c861a7df0
Event: 3522.329 Thread 0x0000014c861a8b10 Thread exited: 0x0000014c861a8b10
Event: 3582.514 Thread 0x0000014c861a91a0 Thread exited: 0x0000014c861a91a0
Event: 3607.868 Thread 0x0000014c861a5d20 Thread added: 0x0000014c861a70d0
Event: 3607.966 Thread 0x0000014c861a70d0 Thread exited: 0x0000014c861a70d0
Event: 3679.470 Thread 0x0000014c84392d90 Thread added: 0x0000014c861a5690


Dynamic libraries:
0x00007ff702f10000 - 0x00007ff702f1e000 	c:\Users\mayec\.vscode\extensions\redhat.java-1.54.0-win32-x64\jre\21.0.10-win32-x86_64\bin\java.exe
0x00007ffcc7d20000 - 0x00007ffcc7f87000 	C:\WINDOWS\SYSTEM32\ntdll.dll
0x00007ffcc5bc0000 - 0x00007ffcc5c89000 	C:\WINDOWS\System32\KERNEL32.DLL
0x00007ffcc47e0000 - 0x00007ffcc4bd7000 	C:\WINDOWS\System32\KERNELBASE.dll
0x00007ffcc5950000 - 0x00007ffcc5a9b000 	C:\WINDOWS\System32\ucrtbase.dll
0x00007ffc46b10000 - 0x00007ffc46b28000 	c:\Users\mayec\.vscode\extensions\redhat.java-1.54.0-win32-x64\jre\21.0.10-win32-x86_64\bin\jli.dll
0x00007ffcc6300000 - 0x00007ffcc64c6000 	C:\WINDOWS\System32\USER32.dll
0x00007ffcc4f80000 - 0x00007ffcc4fa7000 	C:\WINDOWS\System32\win32u.dll
0x00007ffcc6aa0000 - 0x00007ffcc6acb000 	C:\WINDOWS\System32\GDI32.dll
0x00007ffc46ce0000 - 0x00007ffc46cfe000 	c:\Users\mayec\.vscode\extensions\redhat.java-1.54.0-win32-x64\jre\21.0.10-win32-x86_64\bin\VCRUNTIME140.dll
0x00007ffcc5820000 - 0x00007ffcc594c000 	C:\WINDOWS\System32\gdi32full.dll
0x00007ffcc4be0000 - 0x00007ffcc4c83000 	C:\WINDOWS\System32\msvcp_win.dll
0x00007ffcb0980000 - 0x00007ffcb0c12000 	C:\WINDOWS\WinSxS\amd64_microsoft.windows.common-controls_6595b64144ccf1df_6.0.26100.8457_none_3e0b2faee331e92d\COMCTL32.dll
0x00007ffcc68f0000 - 0x00007ffcc6999000 	C:\WINDOWS\System32\msvcrt.dll
0x00007ffcc66b0000 - 0x00007ffcc66e2000 	C:\WINDOWS\System32\IMM32.DLL
0x00007ffcb1480000 - 0x00007ffcb148c000 	c:\Users\mayec\.vscode\extensions\redhat.java-1.54.0-win32-x64\jre\21.0.10-win32-x86_64\bin\vcruntime140_1.dll
0x00007ffc012c0000 - 0x00007ffc0134d000 	c:\Users\mayec\.vscode\extensions\redhat.java-1.54.0-win32-x64\jre\21.0.10-win32-x86_64\bin\msvcp140.dll
0x00007ffc00510000 - 0x00007ffc012b1000 	c:\Users\mayec\.vscode\extensions\redhat.java-1.54.0-win32-x64\jre\21.0.10-win32-x86_64\bin\server\jvm.dll
0x00007ffcc6e90000 - 0x00007ffcc6f46000 	C:\WINDOWS\System32\ADVAPI32.dll
0x00007ffcc7060000 - 0x00007ffcc7107000 	C:\WINDOWS\System32\sechost.dll
0x00007ffcc5aa0000 - 0x00007ffcc5bb8000 	C:\WINDOWS\System32\RPCRT4.dll
0x00007ffcc6be0000 - 0x00007ffcc6c60000 	C:\WINDOWS\System32\WS2_32.dll
0x00007ffcc45d0000 - 0x00007ffcc462e000 	C:\WINDOWS\SYSTEM32\POWRPROF.dll
0x00007ffcb4320000 - 0x00007ffcb4356000 	C:\WINDOWS\SYSTEM32\WINMM.dll
0x00007ffcb5e70000 - 0x00007ffcb5e7b000 	C:\WINDOWS\SYSTEM32\VERSION.dll
0x00007ffcc45b0000 - 0x00007ffcc45c4000 	C:\WINDOWS\SYSTEM32\UMPDC.dll
0x00007ffcc34c0000 - 0x00007ffcc34db000 	C:\WINDOWS\SYSTEM32\kernel.appcore.dll
0x00007ffc882d0000 - 0x00007ffc882da000 	c:\Users\mayec\.vscode\extensions\redhat.java-1.54.0-win32-x64\jre\21.0.10-win32-x86_64\bin\jimage.dll
0x00007ffcb5270000 - 0x00007ffcb54b2000 	C:\WINDOWS\SYSTEM32\DBGHELP.DLL
0x00007ffcc7110000 - 0x00007ffcc7493000 	C:\WINDOWS\System32\combase.dll
0x00007ffcc6d90000 - 0x00007ffcc6e69000 	C:\WINDOWS\System32\OLEAUT32.dll
0x00007ffcb5990000 - 0x00007ffcb59cb000 	C:\WINDOWS\SYSTEM32\dbgcore.DLL
0x00007ffcc4d50000 - 0x00007ffcc4df8000 	C:\WINDOWS\System32\bcryptPrimitives.dll
0x00007ffc86b80000 - 0x00007ffc86b8f000 	c:\Users\mayec\.vscode\extensions\redhat.java-1.54.0-win32-x64\jre\21.0.10-win32-x86_64\bin\instrument.dll
0x00007ffc2fab0000 - 0x00007ffc2fad0000 	c:\Users\mayec\.vscode\extensions\redhat.java-1.54.0-win32-x64\jre\21.0.10-win32-x86_64\bin\java.dll
0x00007ffcc74c0000 - 0x00007ffcc7c2e000 	C:\WINDOWS\System32\SHELL32.dll
0x00007ffcc4fb0000 - 0x00007ffcc581c000 	C:\WINDOWS\System32\windows.storage.dll
0x00007ffcc6f50000 - 0x00007ffcc7046000 	C:\WINDOWS\System32\SHCORE.dll
0x00007ffcc7c40000 - 0x00007ffcc7ca6000 	C:\WINDOWS\System32\shlwapi.dll
0x00007ffcc4670000 - 0x00007ffcc4699000 	C:\WINDOWS\SYSTEM32\profapi.dll
0x00007ffc11380000 - 0x00007ffc11398000 	c:\Users\mayec\.vscode\extensions\redhat.java-1.54.0-win32-x64\jre\21.0.10-win32-x86_64\bin\zip.dll
0x00007ffc848e0000 - 0x00007ffc848f0000 	C:\Users\mayec\.vscode\extensions\redhat.java-1.54.0-win32-x64\jre\21.0.10-win32-x86_64\bin\net.dll
0x00007ffcbdfe0000 - 0x00007ffcbe109000 	C:\WINDOWS\SYSTEM32\WINHTTP.dll
0x00007ffcc3a50000 - 0x00007ffcc3abc000 	C:\WINDOWS\system32\mswsock.dll
0x00007ffc11360000 - 0x00007ffc11376000 	C:\Users\mayec\.vscode\extensions\redhat.java-1.54.0-win32-x64\jre\21.0.10-win32-x86_64\bin\nio.dll
0x00007ffc82ae0000 - 0x00007ffc82af0000 	c:\Users\mayec\.vscode\extensions\redhat.java-1.54.0-win32-x64\jre\21.0.10-win32-x86_64\bin\verify.dll
0x00007ffc42ec0000 - 0x00007ffc42f05000 	C:\Users\mayec\AppData\Roaming\Code\User\globalStorage\redhat.java\1.54.0\config_win\org.eclipse.equinox.launcher\org.eclipse.equinox.launcher.win32.win32.x86_64_1.3.0.v20260203-2149\eclipse_11919.dll
0x00007ffcc66f0000 - 0x00007ffcc6887000 	C:\WINDOWS\System32\ole32.dll
0x00007ffcc3d40000 - 0x00007ffcc3d5b000 	C:\WINDOWS\SYSTEM32\CRYPTSP.dll
0x00007ffcc3420000 - 0x00007ffcc3459000 	C:\WINDOWS\system32\rsaenh.dll
0x00007ffcc3b00000 - 0x00007ffcc3b33000 	C:\WINDOWS\SYSTEM32\USERENV.dll
0x00007ffcc4640000 - 0x00007ffcc466a000 	C:\WINDOWS\SYSTEM32\bcrypt.dll
0x00007ffcc3d30000 - 0x00007ffcc3d3c000 	C:\WINDOWS\SYSTEM32\CRYPTBASE.dll
0x00007ffcc2ea0000 - 0x00007ffcc2ed2000 	C:\WINDOWS\SYSTEM32\IPHLPAPI.DLL
0x00007ffcc7050000 - 0x00007ffcc705a000 	C:\WINDOWS\System32\NSI.dll
0x00007ffc0d210000 - 0x00007ffc0d259000 	C:\Users\mayec\AppData\Local\Temp\jna-103673027\jna6673964545263510690.dll
0x00007ffcc6e80000 - 0x00007ffcc6e88000 	C:\WINDOWS\System32\PSAPI.DLL
0x00007ffcbd810000 - 0x00007ffcbd82d000 	C:\WINDOWS\SYSTEM32\dhcpcsvc6.DLL
0x00007ffcbd7e0000 - 0x00007ffcbd805000 	C:\WINDOWS\SYSTEM32\dhcpcsvc.DLL
0x00007ffc88370000 - 0x00007ffc8837e000 	C:\Users\mayec\.vscode\extensions\redhat.java-1.54.0-win32-x64\jre\21.0.10-win32-x86_64\bin\sunmscapi.dll
0x00007ffcc4e00000 - 0x00007ffcc4f78000 	C:\WINDOWS\System32\CRYPT32.dll
0x00007ffcc3f50000 - 0x00007ffcc3f80000 	C:\WINDOWS\SYSTEM32\ncrypt.dll
0x00007ffcc3f00000 - 0x00007ffcc3f3f000 	C:\WINDOWS\SYSTEM32\NTASN1.dll
0x00007ffcc2f90000 - 0x00007ffcc30c2000 	C:\WINDOWS\SYSTEM32\DNSAPI.dll
0x00007ffcb1280000 - 0x00007ffcb128b000 	C:\Windows\System32\rasadhlp.dll
0x00007ffcb7640000 - 0x00007ffcb76c6000 	C:\WINDOWS\System32\fwpuclnt.dll
0x00007ffc7da10000 - 0x00007ffc7da19000 	C:\Users\mayec\.vscode\extensions\redhat.java-1.54.0-win32-x64\jre\21.0.10-win32-x86_64\bin\extnet.dll

JVMTI agents:
c:\Users\mayec\.vscode\extensions\redhat.java-1.54.0-win32-x64\lombok\lombok-1.18.39-4050.jar path:c:\Users\mayec\.vscode\extensions\redhat.java-1.54.0-win32-x64\jre\21.0.10-win32-x86_64\bin\instrument.dll, loaded, initialized, instrumentlib options:none

dbghelp: loaded successfully - version: 4.0.5 - missing functions: none
symbol engine: initialized successfully - sym options: 0x614 - pdb path: .;c:\Users\mayec\.vscode\extensions\redhat.java-1.54.0-win32-x64\jre\21.0.10-win32-x86_64\bin;C:\WINDOWS\SYSTEM32;C:\WINDOWS\WinSxS\amd64_microsoft.windows.common-controls_6595b64144ccf1df_6.0.26100.8457_none_3e0b2faee331e92d;c:\Users\mayec\.vscode\extensions\redhat.java-1.54.0-win32-x64\jre\21.0.10-win32-x86_64\bin\server;C:\Users\mayec\AppData\Roaming\Code\User\globalStorage\redhat.java\1.54.0\config_win\org.eclipse.equinox.launcher\org.eclipse.equinox.launcher.win32.win32.x86_64_1.3.0.v20260203-2149;C:\Users\mayec\AppData\Local\Temp\jna-103673027

VM Arguments:
jvm_args: --add-modules=ALL-SYSTEM --add-opens=java.base/java.util=ALL-UNNAMED --add-opens=java.base/java.lang=ALL-UNNAMED --add-opens=java.base/sun.nio.fs=ALL-UNNAMED -Declipse.application=org.eclipse.jdt.ls.core.id1 -Dosgi.bundles.defaultStartLevel=4 -Declipse.product=org.eclipse.jdt.ls.core.product -Djava.import.generatesMetadataFilesAtProjectRoot=false -DDetectVMInstallationsJob.disabled=true -Dfile.encoding=utf8 -XX:+UseParallelGC -XX:GCTimeRatio=4 -XX:AdaptiveSizePolicyWeight=90 -Dsun.zip.disableMemoryMapping=true -Xmx2G -Xms100m -Xlog:disable -javaagent:c:\Users\mayec\.vscode\extensions\redhat.java-1.54.0-win32-x64\lombok\lombok-1.18.39-4050.jar -XX:+HeapDumpOnOutOfMemoryError -XX:HeapDumpPath=c:\Users\mayec\AppData\Roaming\Code\User\workspaceStorage\a7bb5e1cd696e2a30a3e2c3864c63a08\redhat.java -Daether.dependencyCollector.impl=bf 
java_command: c:\Users\mayec\.vscode\extensions\redhat.java-1.54.0-win32-x64\server\plugins\org.eclipse.equinox.launcher_1.7.100.v20251111-0406.jar -configuration c:\Users\mayec\AppData\Roaming\Code\User\globalStorage\redhat.java\1.54.0\config_win -data c:\Users\mayec\AppData\Roaming\Code\User\workspaceStorage\a7bb5e1cd696e2a30a3e2c3864c63a08\redhat.java\jdt_ws --pipe=\\.\pipe\lsp-92663bfcc774eb3a61bf9635d8541b95-sock
java_class_path (initial): c:\Users\mayec\.vscode\extensions\redhat.java-1.54.0-win32-x64\server\plugins\org.eclipse.equinox.launcher_1.7.100.v20251111-0406.jar
Launcher Type: SUN_STANDARD

[Global flags]
    uintx AdaptiveSizePolicyWeight                 = 90                                        {product} {command line}
     intx CICompilerCount                          = 4                                         {product} {ergonomic}
    uintx GCTimeRatio                              = 4                                         {product} {command line}
     bool HeapDumpOnOutOfMemoryError               = true                                   {manageable} {command line}
    ccstr HeapDumpPath                             = c:\Users\mayec\AppData\Roaming\Code\User\workspaceStorage\a7bb5e1cd696e2a30a3e2c3864c63a08\redhat.java         {manageable} {command line}
   size_t InitialHeapSize                          = 104857600                                 {product} {command line}
   size_t MaxHeapSize                              = 2147483648                                {product} {command line}
   size_t MaxNewSize                               = 715653120                                 {product} {ergonomic}
   size_t MinHeapDeltaBytes                        = 524288                                    {product} {ergonomic}
   size_t MinHeapSize                              = 104857600                                 {product} {command line}
   size_t NewSize                                  = 34603008                                  {product} {ergonomic}
    uintx NonNMethodCodeHeapSize                   = 5839372                                {pd product} {ergonomic}
    uintx NonProfiledCodeHeapSize                  = 122909434                              {pd product} {ergonomic}
   size_t OldSize                                  = 70254592                                  {product} {ergonomic}
    uintx ProfiledCodeHeapSize                     = 122909434                              {pd product} {ergonomic}
    uintx ReservedCodeCacheSize                    = 251658240                              {pd product} {ergonomic}
     bool SegmentedCodeCache                       = true                                      {product} {ergonomic}
   size_t SoftMaxHeapSize                          = 2147483648                             {manageable} {ergonomic}
     bool UseCompressedOops                        = true                           {product lp64_product} {ergonomic}
     bool UseLargePagesIndividualAllocation        = false                                  {pd product} {ergonomic}
     bool UseParallelGC                            = true                                      {product} {command line}

Logging:
Log output configuration:
 #0: stdout all=off uptime,level,tags foldmultilines=false
 #1: stderr all=off uptime,level,tags foldmultilines=false

Release file:
JAVA_VERSION="21.0.10" 
MODULES="java.base java.compiler java.datatransfer java.xml java.prefs java.desktop java.instrument java.logging java.management java.security.sasl java.naming java.rmi java.management.rmi java.net.http java.scripting java.security.jgss java.transaction.xa java.sql java.sql.rowset java.xml.crypto java.se java.smartcardio jdk.accessibility jdk.internal.jvmstat jdk.attach jdk.charsets jdk.internal.opt jdk.zipfs jdk.compiler jdk.crypto.ec jdk.crypto.cryptoki jdk.crypto.mscapi jdk.dynalink jdk.internal.ed jdk.editpad jdk.hotspot.agent jdk.httpserver jdk.internal.le jdk.internal.vm.ci jdk.internal.vm.compiler jdk.internal.vm.compiler.management jdk.jartool jdk.javadoc jdk.jcmd jdk.management jdk.management.agent jdk.jconsole jdk.jdeps jdk.jdwp.agent jdk.jdi jdk.jfr jdk.jshell jdk.jsobject jdk.jstatd jdk.localedata jdk.management.jfr jdk.naming.dns jdk.naming.rmi jdk.net jdk.nio.mapmode jdk.random jdk.sctp jdk.security.auth jdk.security.jgss jdk.unsupported jdk.unsupported.desktop jdk.xml.dom" 

Environment Variables:
JAVA_HOME=C:\Users\mayec\AppData\Local\Programs\Eclipse Adoptium\jdk-25.0.2.10-hotspot
PATH=C:\Users\mayec\AppData\Local\Programs\Microsoft VS Code;C:\apache-maven-3.9.12\bin;C:\Program Files\Java\jdk-21\bin;C:\Program Files\PowerShell\7\;C:\Program Files\nodejs\;C:\Users\mayec\AppData\Local\Programs\Eclipse Adoptium\jdk-25.0.2.10-hotspot\bin;C:\Users\mayec\AppData\Local\Programs\Python\Python313\Scripts\;C:\Users\mayec\AppData\Local\Programs\Python\Python313\;C:\Users\mayec\AppData\Local\Programs\Python\Launcher\;C:\Users\mayec\AppData\Local\Programs\Eclipse Adoptium\jdk-25.0.2.10-hotspot\bin;C:\Users\mayec\AppData\Local\Programs\Microsoft VS Code\bin;C:\Users\mayec\AppData\Roaming\npm;
USERNAME=mayec
OS=Windows_NT
PROCESSOR_IDENTIFIER=Intel64 Family 6 Model 126 Stepping 5, GenuineIntel
TMP=C:\Users\mayec\AppData\Local\Temp
TEMP=C:\Users\mayec\AppData\Local\Temp




Periodic native trim disabled

---------------  S Y S T E M  ---------------

OS:
 Windows 11 , 64 bit Build 26100 (10.0.26100.8328)
OS uptime: 0 days 17:36 hours
Hyper-V role detected

CPU: total 8 (initial active 8) (4 cores per cpu, 2 threads per core) family 6 model 126 stepping 5 microcode 0xa6, cx8, cmov, fxsr, ht, mmx, 3dnowpref, sse, sse2, sse3, ssse3, sse4.1, sse4.2, popcnt, lzcnt, tsc, tscinvbit, avx, avx2, aes, erms, clmul, bmi1, bmi2, adx, avx512f, avx512dq, avx512cd, avx512bw, avx512vl, sha, fma, vzeroupper, avx512_vpopcntdq, avx512_vpclmulqdq, avx512_vaes, avx512_vnni, clflush, clflushopt, avx512_vbmi2, avx512_vbmi, hv, rdtscp, rdpid, fsrm, gfni, avx512_bitalg, f16c, avx512_ifma
Processor Information for the first 8 processors :
  Max Mhz: 1190, Current Mhz: 991, Mhz Limit: 987

Memory: 4k page, system-wide physical 3885M (200M free)
TotalPageFile size 15661M (AvailPageFile size 7M)
current process WorkingSet (physical memory assigned to process): 78M, peak: 255M
current process commit charge ("private bytes"): 382M, peak: 392M

vm_info: OpenJDK 64-Bit Server VM (21.0.10+7-LTS) for windows-amd64 JRE (21.0.10+7-LTS), built on 2026-01-20T00:00:00Z by "admin" with MS VC++ 17.12 (VS2022)

END.
